// Jest Snapshot v1, https://jestjs.io/docs/snapshot-testing

exports[`Hero renders the name, title, tagline, and CTAs 1`] = `
<div>
  <section
    class="mx-auto grid max-w-6xl grid-cols-1 items-center gap-10 px-4 pb-16 pt-16 sm:px-6 md:grid-cols-[3fr_2fr] md:pt-24"
  >
    <div
      class="order-2 md:order-1"
    >
      <h1
        class="font-display text-4xl font-bold leading-tight text-text-primary md:text-5xl"
      >
        Nosakhare Daniel Ahanor
      </h1>
      <p
        class="mt-2 text-lg text-accent"
      >
        Full-Stack AI Engineer
      </p>
      <p
        class="mt-6 max-w-prose text-base leading-relaxed text-text-secondary"
      >
        Full-Stack AI Engineer with extensive experience in agentic AI systems, frontend engineering, and DevOps practices across CI/CD and cloud infrastructure.
      </p>
      <div
        class="mt-8 flex flex-wrap gap-3"
      >
        <a
          class="inline-flex items-center justify-center rounded-md px-5 py-2.5 text-sm font-medium whitespace-nowrap transition-colors focus-visible:outline-2 focus-visible:outline-offset-2 bg-accent text-bg hover:opacity-90"
          href="/#projects"
        >
          View Projects
        </a>
        <a
          class="inline-flex items-center justify-center rounded-md px-5 py-2.5 text-sm font-medium whitespace-nowrap transition-colors focus-visible:outline-2 focus-visible:outline-offset-2 border border-border text-text-primary hover:border-accent hover:text-accent"
          href="/#contact"
        >
          Contact
        </a>
      </div>
    </div>
    <div
      class="order-1 flex justify-center md:order-2 md:justify-end"
    >
      <div
        class="relative h-52 w-52 overflow-hidden rounded-full border border-border bg-white md:h-64 md:w-64"
      >
        <img
          alt="Nosakhare Daniel Ahanor"
          class="object-contain"
          data-nimg="fill"
          decoding="async"
          sizes="100vw"
          src="/_next/image?url=%2Fheadshot.jpeg&w=3840&q=75"
          srcset="/_next/image?url=%2Fheadshot.jpeg&w=640&q=75 640w, /_next/image?url=%2Fheadshot.jpeg&w=750&q=75 750w, /_next/image?url=%2Fheadshot.jpeg&w=828&q=75 828w, /_next/image?url=%2Fheadshot.jpeg&w=1080&q=75 1080w, /_next/image?url=%2Fheadshot.jpeg&w=1200&q=75 1200w, /_next/image?url=%2Fheadshot.jpeg&w=1920&q=75 1920w, /_next/image?url=%2Fheadshot.jpeg&w=2048&q=75 2048w, /_next/image?url=%2Fheadshot.jpeg&w=3840&q=75 3840w"
          style="position: absolute; height: 100%; width: 100%; left: 0px; top: 0px; right: 0px; bottom: 0px; color: transparent;"
        />
      </div>
    </div>
  </section>
</div>
`;
