// Jest Snapshot v1, https://jestjs.io/docs/snapshot-testing

exports[`Nav renders the nav bar with all anchor links and no mobile menu open 1`] = `
<div>
  <header
    class="sticky top-0 z-40 border-b border-border bg-bg/90 backdrop-blur"
  >
    <nav
      class="mx-auto flex h-16 max-w-6xl items-center justify-between px-4 sm:px-6"
    >
      <a
        class="font-display text-lg font-semibold text-text-primary"
        href="/"
      >
        NA
      </a>
      <div
        class="hidden items-center gap-6 lg:flex"
      >
        <a
          class="text-sm text-text-secondary transition-colors hover:text-accent"
          href="/#about"
        >
          About
        </a>
        <a
          class="text-sm text-text-secondary transition-colors hover:text-accent"
          href="/#projects"
        >
          Projects
        </a>
        <a
          class="text-sm text-text-secondary transition-colors hover:text-accent"
          href="/#blog"
        >
          Blog
        </a>
        <a
          class="text-sm text-text-secondary transition-colors hover:text-accent"
          href="/#contact"
        >
          Contact
        </a>
      </div>
      <div
        class="hidden items-center gap-4 lg:flex"
      >
        <a
          class="text-sm text-text-secondary transition-colors hover:text-accent"
          href="/resume.pdf"
        >
          Resume
        </a>
        <button
          aria-label="Switch to dark mode"
          class="flex h-9 w-9 items-center justify-center rounded-md border border-border text-text-primary transition-colors hover:border-accent hover:text-accent"
          type="button"
        >
          <svg
            aria-hidden="true"
            fill="currentColor"
            height="18"
            viewBox="0 0 256 256"
            width="18"
            xmlns="http://www.w3.org/2000/svg"
          >
            <path
              d="M233.54,142.23a8,8,0,0,0-8-2,88.08,88.08,0,0,1-109.8-109.8,8,8,0,0,0-10-10,104.84,104.84,0,0,0-52.91,37A104,104,0,0,0,136,224a103.09,103.09,0,0,0,62.52-20.88,104.84,104.84,0,0,0,37-52.91A8,8,0,0,0,233.54,142.23ZM188.9,190.34A88,88,0,0,1,65.66,67.11a89,89,0,0,1,31.4-26A106,106,0,0,0,96,56,104.11,104.11,0,0,0,200,160a106,106,0,0,0,14.92-1.06A89,89,0,0,1,188.9,190.34Z"
            />
          </svg>
        </button>
      </div>
      <div
        class="flex items-center gap-2 lg:hidden"
      >
        <button
          aria-label="Switch to dark mode"
          class="flex h-9 w-9 items-center justify-center rounded-md border border-border text-text-primary transition-colors hover:border-accent hover:text-accent"
          type="button"
        >
          <svg
            aria-hidden="true"
            fill="currentColor"
            height="18"
            viewBox="0 0 256 256"
            width="18"
            xmlns="http://www.w3.org/2000/svg"
          >
            <path
              d="M233.54,142.23a8,8,0,0,0-8-2,88.08,88.08,0,0,1-109.8-109.8,8,8,0,0,0-10-10,104.84,104.84,0,0,0-52.91,37A104,104,0,0,0,136,224a103.09,103.09,0,0,0,62.52-20.88,104.84,104.84,0,0,0,37-52.91A8,8,0,0,0,233.54,142.23ZM188.9,190.34A88,88,0,0,1,65.66,67.11a89,89,0,0,1,31.4-26A106,106,0,0,0,96,56,104.11,104.11,0,0,0,200,160a106,106,0,0,0,14.92-1.06A89,89,0,0,1,188.9,190.34Z"
            />
          </svg>
        </button>
        <button
          aria-label="Open menu"
          class="flex h-9 w-9 items-center justify-center rounded-md border border-border text-text-primary"
          type="button"
        >
          <svg
            fill="currentColor"
            height="18"
            viewBox="0 0 256 256"
            width="18"
            xmlns="http://www.w3.org/2000/svg"
          >
            <path
              d="M224,128a8,8,0,0,1-8,8H40a8,8,0,0,1,0-16H216A8,8,0,0,1,224,128ZM40,72H216a8,8,0,0,0,0-16H40a8,8,0,0,0,0,16ZM216,184H40a8,8,0,0,0,0,16H216a8,8,0,0,0,0-16Z"
            />
          </svg>
        </button>
      </div>
    </nav>
  </header>
</div>
`;
